=================================================
SwitchHub Workflow Log
=================================================
Port:      COM5
Asset ID:  (not set)
Workflow:  Baud Detection
Started:   2025-12-15 15:02:50
=================================================

[AUTO-BAUD] Starting automatic baud rate detection...
[AUTO-BAUD] Testing 9600 baud...
[AUTO-BAUD] Testing 115200 baud...
[AUTO-BAUD] Testing 19200 baud...
[AUTO-BAUD] Testing 38400 baud...
[AUTO-BAUD] Testing 57600 baud...
[AUTO-BAUD] Testing 2400 baud...
[AUTO-BAUD] Testing 4800 baud...
[AUTO-BAUD] ? Failed to detect baud rate. Defaulting to 9600.

=================================================
Workflow Ended: 2025-12-15 15:02:55
Status: INCOMPLETE
=================================================
