=================================================
SwitchHub Workflow Log
=================================================
Port:      COM5
Asset ID:  (not set)
Workflow:  Cisco 2960x/3750x Factory Reset (MODE)
Started:   2025-12-15 15:02:06
=================================================

[AUTO-BAUD] Starting automatic baud rate detection...
[AUTO-BAUD] Testing 9600 baud...
[AUTO-BAUD] Testing 115200 baud...
[AUTO-BAUD] Testing 19200 baud...
[AUTO-BAUD] Testing 38400 baud...
[AUTO-BAUD] Testing 57600 baud...
[AUTO-BAUD] Testing 2400 baud...
[AUTO-BAUD] Testing 4800 baud...
[AUTO-BAUD] ? Failed to detect baud rate. Defaulting to 9600.
[SYSTEM] Workflow 'Cisco 2960x/3750x Factory Reset (MODE)' started on COM5 @ 9600 baud
[SYSTEM] Workflow interrupted by user

=================================================
Workflow Ended: 2025-12-15 15:02:22
Status: INTERRUPTED BY USER
=================================================
