=================================================
SwitchHub Workflow Log
=================================================
Port:      COM5
Asset ID:  (not set)
Workflow:  Baud Detection
Started:   2025-12-15 15:02:44
=================================================

[AUTO-BAUD] Starting automatic baud rate detection...
[AUTO-BAUD] Testing 9600 baud...
[AUTO-BAUD] Testing 115200 baud...
[AUTO-BAUD] Testing 19200 baud...
[AUTO-BAUD] Testing 38400 baud...
[AUTO-BAUD] Testing 57600 baud...
[AUTO-BAUD] Testing 2400 baud...
[AUTO-BAUD]   SUCCESS! Detected baud rate: 2400

=================================================
Workflow Ended: 2025-12-15 15:02:46
Status: INCOMPLETE
=================================================
