=================================================
SwitchHub Workflow Log
=================================================
Port:      COM5
Asset ID:  (not set)
Workflow:  Baud Detection
Started:   2025-12-15 10:06:13
=================================================

[AUTO-BAUD] Starting automatic baud rate detection...
[AUTO-BAUD] Testing rates: 9600, 115200, 19200, 38400, 57600, 2400, 4800
[AUTO-BAUD] Testing 9600 baud...
[AUTO-BAUD] Testing 115200 baud...
[AUTO-BAUD] Testing 19200 baud...
[AUTO-BAUD] Testing 38400 baud...
[AUTO-BAUD] Testing 57600 baud...
[AUTO-BAUD] Testing 2400 baud...
[Valid response detected][AUTO-BAUD] ? SUCCESS! Detected baud rate: 2400

=================================================
Workflow Ended: 2025-12-15 10:06:23
Status: INCOMPLETE
=================================================
